// Jest Snapshot v1, https://goo.gl/fbAQLP

exports[`<ArticleAdding UI testing/> Rendering component 1`] = `
<form
  className="addingTodoForm"
  onSubmit={[Function]}
>
  <div
    className="form-group"
  >
    <label
      className="control-label"
    >
      Your article message
    </label>
    <input
      className="form-control"
      name="message"
      onChange={[Function]}
      type="text"
      value=""
    />
  </div>
  <div
    className="form-group"
  >
    <label
      className="control-label"
    >
      Author name
    </label>
    <input
      className="form-control"
      name="author"
      onChange={[Function]}
      type="text"
      value=""
    />
  </div>
  <div
    className="form-group"
  >
    <button
      className="btn btn-primary btn-lg"
      type="submit"
    >
      Add
    </button>
  </div>
</form>
`;
